clustertriggerbinding.triggers.tekton.dev/ctb1
clustertriggerbinding.triggers.tekton.dev/ctb2
clustertriggerbinding.triggers.tekton.dev/ctb3
clustertriggerbinding.triggers.tekton.dev/ctb4
