Name:        el1
Namespace:   ns
 
EventListenerTriggers

 NAME
 foo-trig
 
 BINDINGS

  REF   KIND                    APIVERSION
  tb1   TriggerBinding          
  tb2   ClusterTriggerBinding   v1alpha1
 
 TEMPLATE NAME   APIVERSION
 tt1             v1alpha1
 
 INTERCEPTORS
- cel:
    filter: body.value == 'test'
    overlays:
    - expression: '''testing'''
      key: value

EventListenerTriggers

 NAME
 foo-trig
 
 BINDINGS

  REF   KIND                    APIVERSION
  tb4   TriggerBinding          
  tb5   ClusterTriggerBinding   v1alpha1
 
 TEMPLATE NAME   APIVERSION
 tt2             v1alpha1
 
 SERVICE ACCOUNT NAME
 sa1
 
 INTERCEPTORS
- webhook:
    objectRef:
      apiVersion: v1
      kind: Service
      name: webhookTest
      namespace: namespace
- cel:
    filter: body.value == 'test'
    overlays:
    - expression: '''testing'''
      key: value

