Name:        el1
Namespace:   ns
 
EventListenerTriggers

 BINDINGS

  REF   KIND                    APIVERSION
  tb1   TriggerBinding          
  tb2   ClusterTriggerBinding   v1alpha1
  tb3   TriggerBinding          v1alpha1
 
 TEMPLATE NAME   APIVERSION
 tt1             v1alpha1
 
EventListenerTriggers

 BINDINGS

  REF   KIND                    APIVERSION
  tb1   TriggerBinding          
  tb2   ClusterTriggerBinding   v1alpha1
  tb3   TriggerBinding          v1alpha1
 
 TEMPLATE NAME   APIVERSION
 tt2             v1alpha1
 
 SERVICE ACCOUNT NAME
 sa1
 
