Name:        el1
Namespace:   ns
 
EventListenerTriggers

 BINDING REF   KIND                    APIVERSION
 tb1           TriggerBinding          
 tb2           ClusterTriggerBinding   v1alpha1
 tb3           TriggerBinding          v1alpha1

 TEMPLATE NAME   APIVERSION
 tt1             v1alpha1
 
