Name:        el1
Namespace:   ns
 
EventListenerTriggers

 NAME
 tt1
 
 BINDINGS

  NAME      VALUE
  binding   somevalue
 
 TEMPLATE NAME   APIVERSION
                 v1alpha1
 
