Name:          cond-4
Namespace:     ns
Description:   test

Check

 Name:      test
 Image:     busybox
 Command:   [/bin/sh]
 Args:      [echo hello]

Resources

 NAME         TYPE
 my-repo      git
 my-image     image
 code-image   image

Params

 NAME    TYPE     DESCRIPTION            DEFAULT VALUE
 myarg   string   param type is string   default
 print   array    param type is array    [booms booms booms]
 print   string                          ---
