apiVersion: tekton.dev/v1alpha1
kind: Condition
metadata:
  creationTimestamp: null
  name: cond-4
  namespace: ns
spec:
  check:
    args:
    - echo
    - hello
    command:
    - /bin/sh
    image: busybox
    name: test
    resources: {}
  description: test
  params:
  - default: default
    description: param type is string
    name: myarg
    type: string
  - default:
    - booms
    - booms
    - booms
    description: param type is array
    name: print
    type: array
  - name: print
    type: string
  resources:
  - name: my-repo
    type: git
  - name: my-image
    type: image
  - name: code-image
    type: image
