Name:        cond-2
Namespace:   ns

Check

 Name:     test
 Image:    busybox
 Script:   echo hello

Resources

 No resources

Params

 No params
