Name:        tt1
Namespace:   ns

Params

 NAME   DESCRIPTION              DEFAULT VALUE
 foo    foo required in res...   bar

ResourceTemplates

[
    {
        "kind": "PipelineRun",
        "apiVersion": "tekton.dev/v1alpha1",
        "metadata": {
            "creationTimestamp": null
        },
        "spec": "$(params.foo)",
        "status": {}
    }
]
