Name:        tt1
Namespace:   ns

Params

 NAME   DESCRIPTION              DEFAULT VALUE
 foo    foo required in res...   bar

ResourceTemplates

