Name:        tr-1
Namespace:   ns

Status

STARTED         DURATION    STATUS
8 minutes ago   3 minutes   Failed

Message

Testing tr failed

Input Resources

 No input resources

Output Resources

 No output resources

Params

 No params

Steps

No steps

Sidecars

No sidecars
