triggerbinding.triggers.tekton.dev/tb1
triggerbinding.triggers.tekton.dev/tb2
triggerbinding.triggers.tekton.dev/tb3
triggerbinding.triggers.tekton.dev/tb4
